The system is: Linux - 3.10.0-1127.19.1.el7.x86_64 - x86_64
Compiling the C compiler identification source file "CMakeCCompilerId.c" succeeded.
Compiler: /home/sungkeun/.bin/gcc-10.1.0/bin/cc 
Build flags: 
Id flags:  

The output was:
0


Compilation of the C compiler identification source "CMakeCCompilerId.c" produced "a.out"

The C compiler identification is GNU, found in "/home/sungkeun/git/SVF/tools/WPA/build/CMakeFiles/3.18.0-rc1/CompilerIdC/a.out"

Compiling the CXX compiler identification source file "CMakeCXXCompilerId.cpp" succeeded.
Compiler: /home/sungkeun/.bin/gcc-10.1.0/bin/g++ 
Build flags: 
Id flags:  

The output was:
0


Compilation of the CXX compiler identification source "CMakeCXXCompilerId.cpp" produced "a.out"

The CXX compiler identification is GNU, found in "/home/sungkeun/git/SVF/tools/WPA/build/CMakeFiles/3.18.0-rc1/CompilerIdCXX/a.out"

Detecting C compiler ABI info compiled with the following output:
Change Dir: /home/sungkeun/git/SVF/tools/WPA/build/CMakeFiles/CMakeTmp

Run Build Command(s):/home/sungkeun/.bin/make-4.3/bin/gmake cmTC_8a355/fast && /home/sungkeun/.bin/make-4.3/bin/gmake  -f CMakeFiles/cmTC_8a355.dir/build.make CMakeFiles/cmTC_8a355.dir/build
gmake[1]: Entering directory '/home/sungkeun/git/SVF/tools/WPA/build/CMakeFiles/CMakeTmp'
Building C object CMakeFiles/cmTC_8a355.dir/CMakeCCompilerABI.c.o
/home/sungkeun/.bin/gcc-10.1.0/bin/cc   -v -o CMakeFiles/cmTC_8a355.dir/CMakeCCompilerABI.c.o -c /home/sungkeun/packages/cmake-3.18.0-rc1/share/cmake-3.18/Modules/CMakeCCompilerABI.c
Using built-in specs.
COLLECT_GCC=/home/sungkeun/.bin/gcc-10.1.0/bin/cc
Target: x86_64-linux-gnu
Configured with: ../packages/gcc-10.1.0/configure -v --build=x86_64-linux-gnu --host=x86_64-linux-gnu --target=x86_64-linux-gnu --prefix=/home/sungkeun/.bin/gcc-10.1.0 --enable-checking=release --enable-languages=c,c++,fortran --disable-multilib --program-suffix=-10.1
Thread model: posix
Supported LTO compression algorithms: zlib
gcc version 10.1.0 (GCC) 
COLLECT_GCC_OPTIONS='-v' '-o' 'CMakeFiles/cmTC_8a355.dir/CMakeCCompilerABI.c.o' '-c' '-mtune=generic' '-march=x86-64'
 /home/sungkeun/.bin/gcc-10.1.0/libexec/gcc/x86_64-linux-gnu/10.1.0/cc1 -quiet -v /home/sungkeun/packages/cmake-3.18.0-rc1/share/cmake-3.18/Modules/CMakeCCompilerABI.c -quiet -dumpbase CMakeCCompilerABI.c -mtune=generic -march=x86-64 -auxbase-strip CMakeFiles/cmTC_8a355.dir/CMakeCCompilerABI.c.o -version -o /tmp/ccwozSOf.s
GNU C17 (GCC) version 10.1.0 (x86_64-linux-gnu)
	compiled by GNU C version 10.1.0, GMP version 6.1.0, MPFR version 3.1.4, MPC version 1.0.3, isl version isl-0.18-GMP

GGC heuristics: --param ggc-min-expand=100 --param ggc-min-heapsize=131072
ignoring nonexistent directory "/home/sungkeun/.bin/gcc-10.1.0/lib/gcc/x86_64-linux-gnu/10.1.0/../../../../x86_64-linux-gnu/include"
#include "..." search starts here:
#include <...> search starts here:
 /home/sungkeun/.bin/gcc-10.1.0/lib/gcc/x86_64-linux-gnu/10.1.0/include
 /usr/local/include
 /home/sungkeun/.bin/gcc-10.1.0/include
 /home/sungkeun/.bin/gcc-10.1.0/lib/gcc/x86_64-linux-gnu/10.1.0/include-fixed
 /usr/include
End of search list.
GNU C17 (GCC) version 10.1.0 (x86_64-linux-gnu)
	compiled by GNU C version 10.1.0, GMP version 6.1.0, MPFR version 3.1.4, MPC version 1.0.3, isl version isl-0.18-GMP

GGC heuristics: --param ggc-min-expand=100 --param ggc-min-heapsize=131072
Compiler executable checksum: bd37a82aa544455581d71f55a7d2231e
COLLECT_GCC_OPTIONS='-v' '-o' 'CMakeFiles/cmTC_8a355.dir/CMakeCCompilerABI.c.o' '-c' '-mtune=generic' '-march=x86-64'
 as -v --64 -o CMakeFiles/cmTC_8a355.dir/CMakeCCompilerABI.c.o /tmp/ccwozSOf.s
GNU assembler version 2.27 (x86_64-redhat-linux) using BFD version version 2.27-44.base.el7
COMPILER_PATH=/home/sungkeun/.bin/gcc-10.1.0/libexec/gcc/x86_64-linux-gnu/10.1.0/:/home/sungkeun/.bin/gcc-10.1.0/libexec/gcc/x86_64-linux-gnu/10.1.0/:/home/sungkeun/.bin/gcc-10.1.0/libexec/gcc/x86_64-linux-gnu/:/home/sungkeun/.bin/gcc-10.1.0/lib/gcc/x86_64-linux-gnu/10.1.0/:/home/sungkeun/.bin/gcc-10.1.0/lib/gcc/x86_64-linux-gnu/
LIBRARY_PATH=/home/sungkeun/.bin/gcc-10.1.0/lib/gcc/x86_64-linux-gnu/10.1.0/:/home/sungkeun/.bin/gcc-10.1.0/lib/gcc/x86_64-linux-gnu/10.1.0/../../../../lib64/:/lib/../lib64/:/usr/lib/../lib64/:/home/sungkeun/.bin/gcc-10.1.0/lib/gcc/x86_64-linux-gnu/10.1.0/../../../:/lib/:/usr/lib/
COLLECT_GCC_OPTIONS='-v' '-o' 'CMakeFiles/cmTC_8a355.dir/CMakeCCompilerABI.c.o' '-c' '-mtune=generic' '-march=x86-64'
Linking C executable cmTC_8a355
/home/sungkeun/packages/cmake-3.18.0-rc1/bin/cmake -E cmake_link_script CMakeFiles/cmTC_8a355.dir/link.txt --verbose=1
/home/sungkeun/.bin/gcc-10.1.0/bin/cc  -v -rdynamic CMakeFiles/cmTC_8a355.dir/CMakeCCompilerABI.c.o -o cmTC_8a355 
Using built-in specs.
COLLECT_GCC=/home/sungkeun/.bin/gcc-10.1.0/bin/cc
COLLECT_LTO_WRAPPER=/home/sungkeun/.bin/gcc-10.1.0/libexec/gcc/x86_64-linux-gnu/10.1.0/lto-wrapper
Target: x86_64-linux-gnu
Configured with: ../packages/gcc-10.1.0/configure -v --build=x86_64-linux-gnu --host=x86_64-linux-gnu --target=x86_64-linux-gnu --prefix=/home/sungkeun/.bin/gcc-10.1.0 --enable-checking=release --enable-languages=c,c++,fortran --disable-multilib --program-suffix=-10.1
Thread model: posix
Supported LTO compression algorithms: zlib
gcc version 10.1.0 (GCC) 
COMPILER_PATH=/home/sungkeun/.bin/gcc-10.1.0/libexec/gcc/x86_64-linux-gnu/10.1.0/:/home/sungkeun/.bin/gcc-10.1.0/libexec/gcc/x86_64-linux-gnu/10.1.0/:/home/sungkeun/.bin/gcc-10.1.0/libexec/gcc/x86_64-linux-gnu/:/home/sungkeun/.bin/gcc-10.1.0/lib/gcc/x86_64-linux-gnu/10.1.0/:/home/sungkeun/.bin/gcc-10.1.0/lib/gcc/x86_64-linux-gnu/
LIBRARY_PATH=/home/sungkeun/.bin/gcc-10.1.0/lib/gcc/x86_64-linux-gnu/10.1.0/:/home/sungkeun/.bin/gcc-10.1.0/lib/gcc/x86_64-linux-gnu/10.1.0/../../../../lib64/:/lib/../lib64/:/usr/lib/../lib64/:/home/sungkeun/.bin/gcc-10.1.0/lib/gcc/x86_64-linux-gnu/10.1.0/../../../:/lib/:/usr/lib/
COLLECT_GCC_OPTIONS='-v' '-rdynamic' '-o' 'cmTC_8a355' '-mtune=generic' '-march=x86-64'
 /home/sungkeun/.bin/gcc-10.1.0/libexec/gcc/x86_64-linux-gnu/10.1.0/collect2 -plugin /home/sungkeun/.bin/gcc-10.1.0/libexec/gcc/x86_64-linux-gnu/10.1.0/liblto_plugin.so -plugin-opt=/home/sungkeun/.bin/gcc-10.1.0/libexec/gcc/x86_64-linux-gnu/10.1.0/lto-wrapper -plugin-opt=-fresolution=/tmp/ccuF8dmk.res -plugin-opt=-pass-through=-lgcc -plugin-opt=-pass-through=-lgcc_s -plugin-opt=-pass-through=-lc -plugin-opt=-pass-through=-lgcc -plugin-opt=-pass-through=-lgcc_s --eh-frame-hdr -m elf_x86_64 -export-dynamic -dynamic-linker /lib64/ld-linux-x86-64.so.2 -o cmTC_8a355 /lib/../lib64/crt1.o /lib/../lib64/crti.o /home/sungkeun/.bin/gcc-10.1.0/lib/gcc/x86_64-linux-gnu/10.1.0/crtbegin.o -L/home/sungkeun/.bin/gcc-10.1.0/lib/gcc/x86_64-linux-gnu/10.1.0 -L/home/sungkeun/.bin/gcc-10.1.0/lib/gcc/x86_64-linux-gnu/10.1.0/../../../../lib64 -L/lib/../lib64 -L/usr/lib/../lib64 -L/home/sungkeun/.bin/gcc-10.1.0/lib/gcc/x86_64-linux-gnu/10.1.0/../../.. CMakeFiles/cmTC_8a355.dir/CMakeCCompilerABI.c.o -lgcc --as-needed -lgcc_s --no-as-needed -lc -lgcc --as-needed -lgcc_s --no-as-needed /home/sungkeun/.bin/gcc-10.1.0/lib/gcc/x86_64-linux-gnu/10.1.0/crtend.o /lib/../lib64/crtn.o
COLLECT_GCC_OPTIONS='-v' '-rdynamic' '-o' 'cmTC_8a355' '-mtune=generic' '-march=x86-64'
gmake[1]: Leaving directory '/home/sungkeun/git/SVF/tools/WPA/build/CMakeFiles/CMakeTmp'



Parsed C implicit include dir info from above output: rv=done
  found start of include info
  found start of implicit include info
    add: [/home/sungkeun/.bin/gcc-10.1.0/lib/gcc/x86_64-linux-gnu/10.1.0/include]
    add: [/usr/local/include]
    add: [/home/sungkeun/.bin/gcc-10.1.0/include]
    add: [/home/sungkeun/.bin/gcc-10.1.0/lib/gcc/x86_64-linux-gnu/10.1.0/include-fixed]
    add: [/usr/include]
  end of search list found
  collapse include dir [/home/sungkeun/.bin/gcc-10.1.0/lib/gcc/x86_64-linux-gnu/10.1.0/include] ==> [/home/sungkeun/.bin/gcc-10.1.0/lib/gcc/x86_64-linux-gnu/10.1.0/include]
  collapse include dir [/usr/local/include] ==> [/usr/local/include]
  collapse include dir [/home/sungkeun/.bin/gcc-10.1.0/include] ==> [/home/sungkeun/.bin/gcc-10.1.0/include]
  collapse include dir [/home/sungkeun/.bin/gcc-10.1.0/lib/gcc/x86_64-linux-gnu/10.1.0/include-fixed] ==> [/home/sungkeun/.bin/gcc-10.1.0/lib/gcc/x86_64-linux-gnu/10.1.0/include-fixed]
  collapse include dir [/usr/include] ==> [/usr/include]
  implicit include dirs: [/home/sungkeun/.bin/gcc-10.1.0/lib/gcc/x86_64-linux-gnu/10.1.0/include;/usr/local/include;/home/sungkeun/.bin/gcc-10.1.0/include;/home/sungkeun/.bin/gcc-10.1.0/lib/gcc/x86_64-linux-gnu/10.1.0/include-fixed;/usr/include]


Parsed C implicit link information from above output:
  link line regex: [^( *|.*[/\])(ld|CMAKE_LINK_STARTFILE-NOTFOUND|([^/\]+-)?ld|collect2)[^/\]*( |$)]
  ignore line: [Change Dir: /home/sungkeun/git/SVF/tools/WPA/build/CMakeFiles/CMakeTmp]
  ignore line: []
  ignore line: [Run Build Command(s):/home/sungkeun/.bin/make-4.3/bin/gmake cmTC_8a355/fast && /home/sungkeun/.bin/make-4.3/bin/gmake  -f CMakeFiles/cmTC_8a355.dir/build.make CMakeFiles/cmTC_8a355.dir/build]
  ignore line: [gmake[1]: Entering directory '/home/sungkeun/git/SVF/tools/WPA/build/CMakeFiles/CMakeTmp']
  ignore line: [Building C object CMakeFiles/cmTC_8a355.dir/CMakeCCompilerABI.c.o]
  ignore line: [/home/sungkeun/.bin/gcc-10.1.0/bin/cc   -v -o CMakeFiles/cmTC_8a355.dir/CMakeCCompilerABI.c.o -c /home/sungkeun/packages/cmake-3.18.0-rc1/share/cmake-3.18/Modules/CMakeCCompilerABI.c]
  ignore line: [Using built-in specs.]
  ignore line: [COLLECT_GCC=/home/sungkeun/.bin/gcc-10.1.0/bin/cc]
  ignore line: [Target: x86_64-linux-gnu]
  ignore line: [Configured with: ../packages/gcc-10.1.0/configure -v --build=x86_64-linux-gnu --host=x86_64-linux-gnu --target=x86_64-linux-gnu --prefix=/home/sungkeun/.bin/gcc-10.1.0 --enable-checking=release --enable-languages=c c++ fortran --disable-multilib --program-suffix=-10.1]
  ignore line: [Thread model: posix]
  ignore line: [Supported LTO compression algorithms: zlib]
  ignore line: [gcc version 10.1.0 (GCC) ]
  ignore line: [COLLECT_GCC_OPTIONS='-v' '-o' 'CMakeFiles/cmTC_8a355.dir/CMakeCCompilerABI.c.o' '-c' '-mtune=generic' '-march=x86-64']
  ignore line: [ /home/sungkeun/.bin/gcc-10.1.0/libexec/gcc/x86_64-linux-gnu/10.1.0/cc1 -quiet -v /home/sungkeun/packages/cmake-3.18.0-rc1/share/cmake-3.18/Modules/CMakeCCompilerABI.c -quiet -dumpbase CMakeCCompilerABI.c -mtune=generic -march=x86-64 -auxbase-strip CMakeFiles/cmTC_8a355.dir/CMakeCCompilerABI.c.o -version -o /tmp/ccwozSOf.s]
  ignore line: [GNU C17 (GCC) version 10.1.0 (x86_64-linux-gnu)]
  ignore line: [	compiled by GNU C version 10.1.0  GMP version 6.1.0  MPFR version 3.1.4  MPC version 1.0.3  isl version isl-0.18-GMP]
  ignore line: []
  ignore line: [GGC heuristics: --param ggc-min-expand=100 --param ggc-min-heapsize=131072]
  ignore line: [ignoring nonexistent directory "/home/sungkeun/.bin/gcc-10.1.0/lib/gcc/x86_64-linux-gnu/10.1.0/../../../../x86_64-linux-gnu/include"]
  ignore line: [#include "..." search starts here:]
  ignore line: [#include <...> search starts here:]
  ignore line: [ /home/sungkeun/.bin/gcc-10.1.0/lib/gcc/x86_64-linux-gnu/10.1.0/include]
  ignore line: [ /usr/local/include]
  ignore line: [ /home/sungkeun/.bin/gcc-10.1.0/include]
  ignore line: [ /home/sungkeun/.bin/gcc-10.1.0/lib/gcc/x86_64-linux-gnu/10.1.0/include-fixed]
  ignore line: [ /usr/include]
  ignore line: [End of search list.]
  ignore line: [GNU C17 (GCC) version 10.1.0 (x86_64-linux-gnu)]
  ignore line: [	compiled by GNU C version 10.1.0  GMP version 6.1.0  MPFR version 3.1.4  MPC version 1.0.3  isl version isl-0.18-GMP]
  ignore line: []
  ignore line: [GGC heuristics: --param ggc-min-expand=100 --param ggc-min-heapsize=131072]
  ignore line: [Compiler executable checksum: bd37a82aa544455581d71f55a7d2231e]
  ignore line: [COLLECT_GCC_OPTIONS='-v' '-o' 'CMakeFiles/cmTC_8a355.dir/CMakeCCompilerABI.c.o' '-c' '-mtune=generic' '-march=x86-64']
  ignore line: [ as -v --64 -o CMakeFiles/cmTC_8a355.dir/CMakeCCompilerABI.c.o /tmp/ccwozSOf.s]
  ignore line: [GNU assembler version 2.27 (x86_64-redhat-linux) using BFD version version 2.27-44.base.el7]
  ignore line: [COMPILER_PATH=/home/sungkeun/.bin/gcc-10.1.0/libexec/gcc/x86_64-linux-gnu/10.1.0/:/home/sungkeun/.bin/gcc-10.1.0/libexec/gcc/x86_64-linux-gnu/10.1.0/:/home/sungkeun/.bin/gcc-10.1.0/libexec/gcc/x86_64-linux-gnu/:/home/sungkeun/.bin/gcc-10.1.0/lib/gcc/x86_64-linux-gnu/10.1.0/:/home/sungkeun/.bin/gcc-10.1.0/lib/gcc/x86_64-linux-gnu/]
  ignore line: [LIBRARY_PATH=/home/sungkeun/.bin/gcc-10.1.0/lib/gcc/x86_64-linux-gnu/10.1.0/:/home/sungkeun/.bin/gcc-10.1.0/lib/gcc/x86_64-linux-gnu/10.1.0/../../../../lib64/:/lib/../lib64/:/usr/lib/../lib64/:/home/sungkeun/.bin/gcc-10.1.0/lib/gcc/x86_64-linux-gnu/10.1.0/../../../:/lib/:/usr/lib/]
  ignore line: [COLLECT_GCC_OPTIONS='-v' '-o' 'CMakeFiles/cmTC_8a355.dir/CMakeCCompilerABI.c.o' '-c' '-mtune=generic' '-march=x86-64']
  ignore line: [Linking C executable cmTC_8a355]
  ignore line: [/home/sungkeun/packages/cmake-3.18.0-rc1/bin/cmake -E cmake_link_script CMakeFiles/cmTC_8a355.dir/link.txt --verbose=1]
  ignore line: [/home/sungkeun/.bin/gcc-10.1.0/bin/cc  -v -rdynamic CMakeFiles/cmTC_8a355.dir/CMakeCCompilerABI.c.o -o cmTC_8a355 ]
  ignore line: [Using built-in specs.]
  ignore line: [COLLECT_GCC=/home/sungkeun/.bin/gcc-10.1.0/bin/cc]
  ignore line: [COLLECT_LTO_WRAPPER=/home/sungkeun/.bin/gcc-10.1.0/libexec/gcc/x86_64-linux-gnu/10.1.0/lto-wrapper]
  ignore line: [Target: x86_64-linux-gnu]
  ignore line: [Configured with: ../packages/gcc-10.1.0/configure -v --build=x86_64-linux-gnu --host=x86_64-linux-gnu --target=x86_64-linux-gnu --prefix=/home/sungkeun/.bin/gcc-10.1.0 --enable-checking=release --enable-languages=c c++ fortran --disable-multilib --program-suffix=-10.1]
  ignore line: [Thread model: posix]
  ignore line: [Supported LTO compression algorithms: zlib]
  ignore line: [gcc version 10.1.0 (GCC) ]
  ignore line: [COMPILER_PATH=/home/sungkeun/.bin/gcc-10.1.0/libexec/gcc/x86_64-linux-gnu/10.1.0/:/home/sungkeun/.bin/gcc-10.1.0/libexec/gcc/x86_64-linux-gnu/10.1.0/:/home/sungkeun/.bin/gcc-10.1.0/libexec/gcc/x86_64-linux-gnu/:/home/sungkeun/.bin/gcc-10.1.0/lib/gcc/x86_64-linux-gnu/10.1.0/:/home/sungkeun/.bin/gcc-10.1.0/lib/gcc/x86_64-linux-gnu/]
  ignore line: [LIBRARY_PATH=/home/sungkeun/.bin/gcc-10.1.0/lib/gcc/x86_64-linux-gnu/10.1.0/:/home/sungkeun/.bin/gcc-10.1.0/lib/gcc/x86_64-linux-gnu/10.1.0/../../../../lib64/:/lib/../lib64/:/usr/lib/../lib64/:/home/sungkeun/.bin/gcc-10.1.0/lib/gcc/x86_64-linux-gnu/10.1.0/../../../:/lib/:/usr/lib/]
  ignore line: [COLLECT_GCC_OPTIONS='-v' '-rdynamic' '-o' 'cmTC_8a355' '-mtune=generic' '-march=x86-64']
  link line: [ /home/sungkeun/.bin/gcc-10.1.0/libexec/gcc/x86_64-linux-gnu/10.1.0/collect2 -plugin /home/sungkeun/.bin/gcc-10.1.0/libexec/gcc/x86_64-linux-gnu/10.1.0/liblto_plugin.so -plugin-opt=/home/sungkeun/.bin/gcc-10.1.0/libexec/gcc/x86_64-linux-gnu/10.1.0/lto-wrapper -plugin-opt=-fresolution=/tmp/ccuF8dmk.res -plugin-opt=-pass-through=-lgcc -plugin-opt=-pass-through=-lgcc_s -plugin-opt=-pass-through=-lc -plugin-opt=-pass-through=-lgcc -plugin-opt=-pass-through=-lgcc_s --eh-frame-hdr -m elf_x86_64 -export-dynamic -dynamic-linker /lib64/ld-linux-x86-64.so.2 -o cmTC_8a355 /lib/../lib64/crt1.o /lib/../lib64/crti.o /home/sungkeun/.bin/gcc-10.1.0/lib/gcc/x86_64-linux-gnu/10.1.0/crtbegin.o -L/home/sungkeun/.bin/gcc-10.1.0/lib/gcc/x86_64-linux-gnu/10.1.0 -L/home/sungkeun/.bin/gcc-10.1.0/lib/gcc/x86_64-linux-gnu/10.1.0/../../../../lib64 -L/lib/../lib64 -L/usr/lib/../lib64 -L/home/sungkeun/.bin/gcc-10.1.0/lib/gcc/x86_64-linux-gnu/10.1.0/../../.. CMakeFiles/cmTC_8a355.dir/CMakeCCompilerABI.c.o -lgcc --as-needed -lgcc_s --no-as-needed -lc -lgcc --as-needed -lgcc_s --no-as-needed /home/sungkeun/.bin/gcc-10.1.0/lib/gcc/x86_64-linux-gnu/10.1.0/crtend.o /lib/../lib64/crtn.o]
    arg [/home/sungkeun/.bin/gcc-10.1.0/libexec/gcc/x86_64-linux-gnu/10.1.0/collect2] ==> ignore
    arg [-plugin] ==> ignore
    arg [/home/sungkeun/.bin/gcc-10.1.0/libexec/gcc/x86_64-linux-gnu/10.1.0/liblto_plugin.so] ==> ignore
    arg [-plugin-opt=/home/sungkeun/.bin/gcc-10.1.0/libexec/gcc/x86_64-linux-gnu/10.1.0/lto-wrapper] ==> ignore
    arg [-plugin-opt=-fresolution=/tmp/ccuF8dmk.res] ==> ignore
    arg [-plugin-opt=-pass-through=-lgcc] ==> ignore
    arg [-plugin-opt=-pass-through=-lgcc_s] ==> ignore
    arg [-plugin-opt=-pass-through=-lc] ==> ignore
    arg [-plugin-opt=-pass-through=-lgcc] ==> ignore
    arg [-plugin-opt=-pass-through=-lgcc_s] ==> ignore
    arg [--eh-frame-hdr] ==> ignore
    arg [-m] ==> ignore
    arg [elf_x86_64] ==> ignore
    arg [-export-dynamic] ==> ignore
    arg [-dynamic-linker] ==> ignore
    arg [/lib64/ld-linux-x86-64.so.2] ==> ignore
    arg [-o] ==> ignore
    arg [cmTC_8a355] ==> ignore
    arg [/lib/../lib64/crt1.o] ==> ignore
    arg [/lib/../lib64/crti.o] ==> ignore
    arg [/home/sungkeun/.bin/gcc-10.1.0/lib/gcc/x86_64-linux-gnu/10.1.0/crtbegin.o] ==> ignore
    arg [-L/home/sungkeun/.bin/gcc-10.1.0/lib/gcc/x86_64-linux-gnu/10.1.0] ==> dir [/home/sungkeun/.bin/gcc-10.1.0/lib/gcc/x86_64-linux-gnu/10.1.0]
    arg [-L/home/sungkeun/.bin/gcc-10.1.0/lib/gcc/x86_64-linux-gnu/10.1.0/../../../../lib64] ==> dir [/home/sungkeun/.bin/gcc-10.1.0/lib/gcc/x86_64-linux-gnu/10.1.0/../../../../lib64]
    arg [-L/lib/../lib64] ==> dir [/lib/../lib64]
    arg [-L/usr/lib/../lib64] ==> dir [/usr/lib/../lib64]
    arg [-L/home/sungkeun/.bin/gcc-10.1.0/lib/gcc/x86_64-linux-gnu/10.1.0/../../..] ==> dir [/home/sungkeun/.bin/gcc-10.1.0/lib/gcc/x86_64-linux-gnu/10.1.0/../../..]
    arg [CMakeFiles/cmTC_8a355.dir/CMakeCCompilerABI.c.o] ==> ignore
    arg [-lgcc] ==> lib [gcc]
    arg [--as-needed] ==> ignore
    arg [-lgcc_s] ==> lib [gcc_s]
    arg [--no-as-needed] ==> ignore
    arg [-lc] ==> lib [c]
    arg [-lgcc] ==> lib [gcc]
    arg [--as-needed] ==> ignore
    arg [-lgcc_s] ==> lib [gcc_s]
    arg [--no-as-needed] ==> ignore
    arg [/home/sungkeun/.bin/gcc-10.1.0/lib/gcc/x86_64-linux-gnu/10.1.0/crtend.o] ==> ignore
    arg [/lib/../lib64/crtn.o] ==> ignore
  collapse library dir [/home/sungkeun/.bin/gcc-10.1.0/lib/gcc/x86_64-linux-gnu/10.1.0] ==> [/home/sungkeun/.bin/gcc-10.1.0/lib/gcc/x86_64-linux-gnu/10.1.0]
  collapse library dir [/home/sungkeun/.bin/gcc-10.1.0/lib/gcc/x86_64-linux-gnu/10.1.0/../../../../lib64] ==> [/home/sungkeun/.bin/gcc-10.1.0/lib64]
  collapse library dir [/lib/../lib64] ==> [/lib64]
  collapse library dir [/usr/lib/../lib64] ==> [/usr/lib64]
  collapse library dir [/home/sungkeun/.bin/gcc-10.1.0/lib/gcc/x86_64-linux-gnu/10.1.0/../../..] ==> [/home/sungkeun/.bin/gcc-10.1.0/lib]
  implicit libs: [gcc;gcc_s;c;gcc;gcc_s]
  implicit dirs: [/home/sungkeun/.bin/gcc-10.1.0/lib/gcc/x86_64-linux-gnu/10.1.0;/home/sungkeun/.bin/gcc-10.1.0/lib64;/lib64;/usr/lib64;/home/sungkeun/.bin/gcc-10.1.0/lib]
  implicit fwks: []


Detecting CXX compiler ABI info compiled with the following output:
Change Dir: /home/sungkeun/git/SVF/tools/WPA/build/CMakeFiles/CMakeTmp

Run Build Command(s):/home/sungkeun/.bin/make-4.3/bin/gmake cmTC_1b4d0/fast && /home/sungkeun/.bin/make-4.3/bin/gmake  -f CMakeFiles/cmTC_1b4d0.dir/build.make CMakeFiles/cmTC_1b4d0.dir/build
gmake[1]: Entering directory '/home/sungkeun/git/SVF/tools/WPA/build/CMakeFiles/CMakeTmp'
Building CXX object CMakeFiles/cmTC_1b4d0.dir/CMakeCXXCompilerABI.cpp.o
/home/sungkeun/.bin/gcc-10.1.0/bin/g++   -v -o CMakeFiles/cmTC_1b4d0.dir/CMakeCXXCompilerABI.cpp.o -c /home/sungkeun/packages/cmake-3.18.0-rc1/share/cmake-3.18/Modules/CMakeCXXCompilerABI.cpp
Using built-in specs.
COLLECT_GCC=/home/sungkeun/.bin/gcc-10.1.0/bin/g++
Target: x86_64-linux-gnu
Configured with: ../packages/gcc-10.1.0/configure -v --build=x86_64-linux-gnu --host=x86_64-linux-gnu --target=x86_64-linux-gnu --prefix=/home/sungkeun/.bin/gcc-10.1.0 --enable-checking=release --enable-languages=c,c++,fortran --disable-multilib --program-suffix=-10.1
Thread model: posix
Supported LTO compression algorithms: zlib
gcc version 10.1.0 (GCC) 
COLLECT_GCC_OPTIONS='-v' '-o' 'CMakeFiles/cmTC_1b4d0.dir/CMakeCXXCompilerABI.cpp.o' '-c' '-shared-libgcc' '-mtune=generic' '-march=x86-64'
 /home/sungkeun/.bin/gcc-10.1.0/libexec/gcc/x86_64-linux-gnu/10.1.0/cc1plus -quiet -v -D_GNU_SOURCE /home/sungkeun/packages/cmake-3.18.0-rc1/share/cmake-3.18/Modules/CMakeCXXCompilerABI.cpp -quiet -dumpbase CMakeCXXCompilerABI.cpp -mtune=generic -march=x86-64 -auxbase-strip CMakeFiles/cmTC_1b4d0.dir/CMakeCXXCompilerABI.cpp.o -version -o /tmp/ccr4eltw.s
GNU C++14 (GCC) version 10.1.0 (x86_64-linux-gnu)
	compiled by GNU C version 10.1.0, GMP version 6.1.0, MPFR version 3.1.4, MPC version 1.0.3, isl version isl-0.18-GMP

GGC heuristics: --param ggc-min-expand=100 --param ggc-min-heapsize=131072
ignoring nonexistent directory "/home/sungkeun/.bin/gcc-10.1.0/lib/gcc/x86_64-linux-gnu/10.1.0/../../../../x86_64-linux-gnu/include"
#include "..." search starts here:
#include <...> search starts here:
 /home/sungkeun/.bin/gcc-10.1.0/lib/gcc/x86_64-linux-gnu/10.1.0/../../../../include/c++/10.1.0
 /home/sungkeun/.bin/gcc-10.1.0/lib/gcc/x86_64-linux-gnu/10.1.0/../../../../include/c++/10.1.0/x86_64-linux-gnu
 /home/sungkeun/.bin/gcc-10.1.0/lib/gcc/x86_64-linux-gnu/10.1.0/../../../../include/c++/10.1.0/backward
 /home/sungkeun/.bin/gcc-10.1.0/lib/gcc/x86_64-linux-gnu/10.1.0/include
 /usr/local/include
 /home/sungkeun/.bin/gcc-10.1.0/include
 /home/sungkeun/.bin/gcc-10.1.0/lib/gcc/x86_64-linux-gnu/10.1.0/include-fixed
 /usr/include
End of search list.
GNU C++14 (GCC) version 10.1.0 (x86_64-linux-gnu)
	compiled by GNU C version 10.1.0, GMP version 6.1.0, MPFR version 3.1.4, MPC version 1.0.3, isl version isl-0.18-GMP

GGC heuristics: --param ggc-min-expand=100 --param ggc-min-heapsize=131072
Compiler executable checksum: b67c7eefa6457b87649b7db2d21e7f00
COLLECT_GCC_OPTIONS='-v' '-o' 'CMakeFiles/cmTC_1b4d0.dir/CMakeCXXCompilerABI.cpp.o' '-c' '-shared-libgcc' '-mtune=generic' '-march=x86-64'
 as -v --64 -o CMakeFiles/cmTC_1b4d0.dir/CMakeCXXCompilerABI.cpp.o /tmp/ccr4eltw.s
GNU assembler version 2.27 (x86_64-redhat-linux) using BFD version version 2.27-44.base.el7
COMPILER_PATH=/home/sungkeun/.bin/gcc-10.1.0/libexec/gcc/x86_64-linux-gnu/10.1.0/:/home/sungkeun/.bin/gcc-10.1.0/libexec/gcc/x86_64-linux-gnu/10.1.0/:/home/sungkeun/.bin/gcc-10.1.0/libexec/gcc/x86_64-linux-gnu/:/home/sungkeun/.bin/gcc-10.1.0/lib/gcc/x86_64-linux-gnu/10.1.0/:/home/sungkeun/.bin/gcc-10.1.0/lib/gcc/x86_64-linux-gnu/
LIBRARY_PATH=/home/sungkeun/.bin/gcc-10.1.0/lib/gcc/x86_64-linux-gnu/10.1.0/:/home/sungkeun/.bin/gcc-10.1.0/lib/gcc/x86_64-linux-gnu/10.1.0/../../../../lib64/:/lib/../lib64/:/usr/lib/../lib64/:/home/sungkeun/.bin/gcc-10.1.0/lib/gcc/x86_64-linux-gnu/10.1.0/../../../:/lib/:/usr/lib/
COLLECT_GCC_OPTIONS='-v' '-o' 'CMakeFiles/cmTC_1b4d0.dir/CMakeCXXCompilerABI.cpp.o' '-c' '-shared-libgcc' '-mtune=generic' '-march=x86-64'
Linking CXX executable cmTC_1b4d0
/home/sungkeun/packages/cmake-3.18.0-rc1/bin/cmake -E cmake_link_script CMakeFiles/cmTC_1b4d0.dir/link.txt --verbose=1
/home/sungkeun/.bin/gcc-10.1.0/bin/g++  -v -rdynamic CMakeFiles/cmTC_1b4d0.dir/CMakeCXXCompilerABI.cpp.o -o cmTC_1b4d0 
Using built-in specs.
COLLECT_GCC=/home/sungkeun/.bin/gcc-10.1.0/bin/g++
COLLECT_LTO_WRAPPER=/home/sungkeun/.bin/gcc-10.1.0/libexec/gcc/x86_64-linux-gnu/10.1.0/lto-wrapper
Target: x86_64-linux-gnu
Configured with: ../packages/gcc-10.1.0/configure -v --build=x86_64-linux-gnu --host=x86_64-linux-gnu --target=x86_64-linux-gnu --prefix=/home/sungkeun/.bin/gcc-10.1.0 --enable-checking=release --enable-languages=c,c++,fortran --disable-multilib --program-suffix=-10.1
Thread model: posix
Supported LTO compression algorithms: zlib
gcc version 10.1.0 (GCC) 
COMPILER_PATH=/home/sungkeun/.bin/gcc-10.1.0/libexec/gcc/x86_64-linux-gnu/10.1.0/:/home/sungkeun/.bin/gcc-10.1.0/libexec/gcc/x86_64-linux-gnu/10.1.0/:/home/sungkeun/.bin/gcc-10.1.0/libexec/gcc/x86_64-linux-gnu/:/home/sungkeun/.bin/gcc-10.1.0/lib/gcc/x86_64-linux-gnu/10.1.0/:/home/sungkeun/.bin/gcc-10.1.0/lib/gcc/x86_64-linux-gnu/
LIBRARY_PATH=/home/sungkeun/.bin/gcc-10.1.0/lib/gcc/x86_64-linux-gnu/10.1.0/:/home/sungkeun/.bin/gcc-10.1.0/lib/gcc/x86_64-linux-gnu/10.1.0/../../../../lib64/:/lib/../lib64/:/usr/lib/../lib64/:/home/sungkeun/.bin/gcc-10.1.0/lib/gcc/x86_64-linux-gnu/10.1.0/../../../:/lib/:/usr/lib/
COLLECT_GCC_OPTIONS='-v' '-rdynamic' '-o' 'cmTC_1b4d0' '-shared-libgcc' '-mtune=generic' '-march=x86-64'
 /home/sungkeun/.bin/gcc-10.1.0/libexec/gcc/x86_64-linux-gnu/10.1.0/collect2 -plugin /home/sungkeun/.bin/gcc-10.1.0/libexec/gcc/x86_64-linux-gnu/10.1.0/liblto_plugin.so -plugin-opt=/home/sungkeun/.bin/gcc-10.1.0/libexec/gcc/x86_64-linux-gnu/10.1.0/lto-wrapper -plugin-opt=-fresolution=/tmp/ccrwKb2A.res -plugin-opt=-pass-through=-lgcc_s -plugin-opt=-pass-through=-lgcc -plugin-opt=-pass-through=-lc -plugin-opt=-pass-through=-lgcc_s -plugin-opt=-pass-through=-lgcc --eh-frame-hdr -m elf_x86_64 -export-dynamic -dynamic-linker /lib64/ld-linux-x86-64.so.2 -o cmTC_1b4d0 /lib/../lib64/crt1.o /lib/../lib64/crti.o /home/sungkeun/.bin/gcc-10.1.0/lib/gcc/x86_64-linux-gnu/10.1.0/crtbegin.o -L/home/sungkeun/.bin/gcc-10.1.0/lib/gcc/x86_64-linux-gnu/10.1.0 -L/home/sungkeun/.bin/gcc-10.1.0/lib/gcc/x86_64-linux-gnu/10.1.0/../../../../lib64 -L/lib/../lib64 -L/usr/lib/../lib64 -L/home/sungkeun/.bin/gcc-10.1.0/lib/gcc/x86_64-linux-gnu/10.1.0/../../.. CMakeFiles/cmTC_1b4d0.dir/CMakeCXXCompilerABI.cpp.o -lstdc++ -lm -lgcc_s -lgcc -lc -lgcc_s -lgcc /home/sungkeun/.bin/gcc-10.1.0/lib/gcc/x86_64-linux-gnu/10.1.0/crtend.o /lib/../lib64/crtn.o
COLLECT_GCC_OPTIONS='-v' '-rdynamic' '-o' 'cmTC_1b4d0' '-shared-libgcc' '-mtune=generic' '-march=x86-64'
gmake[1]: Leaving directory '/home/sungkeun/git/SVF/tools/WPA/build/CMakeFiles/CMakeTmp'



Parsed CXX implicit include dir info from above output: rv=done
  found start of include info
  found start of implicit include info
    add: [/home/sungkeun/.bin/gcc-10.1.0/lib/gcc/x86_64-linux-gnu/10.1.0/../../../../include/c++/10.1.0]
    add: [/home/sungkeun/.bin/gcc-10.1.0/lib/gcc/x86_64-linux-gnu/10.1.0/../../../../include/c++/10.1.0/x86_64-linux-gnu]
    add: [/home/sungkeun/.bin/gcc-10.1.0/lib/gcc/x86_64-linux-gnu/10.1.0/../../../../include/c++/10.1.0/backward]
    add: [/home/sungkeun/.bin/gcc-10.1.0/lib/gcc/x86_64-linux-gnu/10.1.0/include]
    add: [/usr/local/include]
    add: [/home/sungkeun/.bin/gcc-10.1.0/include]
    add: [/home/sungkeun/.bin/gcc-10.1.0/lib/gcc/x86_64-linux-gnu/10.1.0/include-fixed]
    add: [/usr/include]
  end of search list found
  collapse include dir [/home/sungkeun/.bin/gcc-10.1.0/lib/gcc/x86_64-linux-gnu/10.1.0/../../../../include/c++/10.1.0] ==> [/home/sungkeun/.bin/gcc-10.1.0/include/c++/10.1.0]
  collapse include dir [/home/sungkeun/.bin/gcc-10.1.0/lib/gcc/x86_64-linux-gnu/10.1.0/../../../../include/c++/10.1.0/x86_64-linux-gnu] ==> [/home/sungkeun/.bin/gcc-10.1.0/include/c++/10.1.0/x86_64-linux-gnu]
  collapse include dir [/home/sungkeun/.bin/gcc-10.1.0/lib/gcc/x86_64-linux-gnu/10.1.0/../../../../include/c++/10.1.0/backward] ==> [/home/sungkeun/.bin/gcc-10.1.0/include/c++/10.1.0/backward]
  collapse include dir [/home/sungkeun/.bin/gcc-10.1.0/lib/gcc/x86_64-linux-gnu/10.1.0/include] ==> [/home/sungkeun/.bin/gcc-10.1.0/lib/gcc/x86_64-linux-gnu/10.1.0/include]
  collapse include dir [/usr/local/include] ==> [/usr/local/include]
  collapse include dir [/home/sungkeun/.bin/gcc-10.1.0/include] ==> [/home/sungkeun/.bin/gcc-10.1.0/include]
  collapse include dir [/home/sungkeun/.bin/gcc-10.1.0/lib/gcc/x86_64-linux-gnu/10.1.0/include-fixed] ==> [/home/sungkeun/.bin/gcc-10.1.0/lib/gcc/x86_64-linux-gnu/10.1.0/include-fixed]
  collapse include dir [/usr/include] ==> [/usr/include]
  implicit include dirs: [/home/sungkeun/.bin/gcc-10.1.0/include/c++/10.1.0;/home/sungkeun/.bin/gcc-10.1.0/include/c++/10.1.0/x86_64-linux-gnu;/home/sungkeun/.bin/gcc-10.1.0/include/c++/10.1.0/backward;/home/sungkeun/.bin/gcc-10.1.0/lib/gcc/x86_64-linux-gnu/10.1.0/include;/usr/local/include;/home/sungkeun/.bin/gcc-10.1.0/include;/home/sungkeun/.bin/gcc-10.1.0/lib/gcc/x86_64-linux-gnu/10.1.0/include-fixed;/usr/include]


Parsed CXX implicit link information from above output:
  link line regex: [^( *|.*[/\])(ld|CMAKE_LINK_STARTFILE-NOTFOUND|([^/\]+-)?ld|collect2)[^/\]*( |$)]
  ignore line: [Change Dir: /home/sungkeun/git/SVF/tools/WPA/build/CMakeFiles/CMakeTmp]
  ignore line: []
  ignore line: [Run Build Command(s):/home/sungkeun/.bin/make-4.3/bin/gmake cmTC_1b4d0/fast && /home/sungkeun/.bin/make-4.3/bin/gmake  -f CMakeFiles/cmTC_1b4d0.dir/build.make CMakeFiles/cmTC_1b4d0.dir/build]
  ignore line: [gmake[1]: Entering directory '/home/sungkeun/git/SVF/tools/WPA/build/CMakeFiles/CMakeTmp']
  ignore line: [Building CXX object CMakeFiles/cmTC_1b4d0.dir/CMakeCXXCompilerABI.cpp.o]
  ignore line: [/home/sungkeun/.bin/gcc-10.1.0/bin/g++   -v -o CMakeFiles/cmTC_1b4d0.dir/CMakeCXXCompilerABI.cpp.o -c /home/sungkeun/packages/cmake-3.18.0-rc1/share/cmake-3.18/Modules/CMakeCXXCompilerABI.cpp]
  ignore line: [Using built-in specs.]
  ignore line: [COLLECT_GCC=/home/sungkeun/.bin/gcc-10.1.0/bin/g++]
  ignore line: [Target: x86_64-linux-gnu]
  ignore line: [Configured with: ../packages/gcc-10.1.0/configure -v --build=x86_64-linux-gnu --host=x86_64-linux-gnu --target=x86_64-linux-gnu --prefix=/home/sungkeun/.bin/gcc-10.1.0 --enable-checking=release --enable-languages=c c++ fortran --disable-multilib --program-suffix=-10.1]
  ignore line: [Thread model: posix]
  ignore line: [Supported LTO compression algorithms: zlib]
  ignore line: [gcc version 10.1.0 (GCC) ]
  ignore line: [COLLECT_GCC_OPTIONS='-v' '-o' 'CMakeFiles/cmTC_1b4d0.dir/CMakeCXXCompilerABI.cpp.o' '-c' '-shared-libgcc' '-mtune=generic' '-march=x86-64']
  ignore line: [ /home/sungkeun/.bin/gcc-10.1.0/libexec/gcc/x86_64-linux-gnu/10.1.0/cc1plus -quiet -v -D_GNU_SOURCE /home/sungkeun/packages/cmake-3.18.0-rc1/share/cmake-3.18/Modules/CMakeCXXCompilerABI.cpp -quiet -dumpbase CMakeCXXCompilerABI.cpp -mtune=generic -march=x86-64 -auxbase-strip CMakeFiles/cmTC_1b4d0.dir/CMakeCXXCompilerABI.cpp.o -version -o /tmp/ccr4eltw.s]
  ignore line: [GNU C++14 (GCC) version 10.1.0 (x86_64-linux-gnu)]
  ignore line: [	compiled by GNU C version 10.1.0  GMP version 6.1.0  MPFR version 3.1.4  MPC version 1.0.3  isl version isl-0.18-GMP]
  ignore line: []
  ignore line: [GGC heuristics: --param ggc-min-expand=100 --param ggc-min-heapsize=131072]
  ignore line: [ignoring nonexistent directory "/home/sungkeun/.bin/gcc-10.1.0/lib/gcc/x86_64-linux-gnu/10.1.0/../../../../x86_64-linux-gnu/include"]
  ignore line: [#include "..." search starts here:]
  ignore line: [#include <...> search starts here:]
  ignore line: [ /home/sungkeun/.bin/gcc-10.1.0/lib/gcc/x86_64-linux-gnu/10.1.0/../../../../include/c++/10.1.0]
  ignore line: [ /home/sungkeun/.bin/gcc-10.1.0/lib/gcc/x86_64-linux-gnu/10.1.0/../../../../include/c++/10.1.0/x86_64-linux-gnu]
  ignore line: [ /home/sungkeun/.bin/gcc-10.1.0/lib/gcc/x86_64-linux-gnu/10.1.0/../../../../include/c++/10.1.0/backward]
  ignore line: [ /home/sungkeun/.bin/gcc-10.1.0/lib/gcc/x86_64-linux-gnu/10.1.0/include]
  ignore line: [ /usr/local/include]
  ignore line: [ /home/sungkeun/.bin/gcc-10.1.0/include]
  ignore line: [ /home/sungkeun/.bin/gcc-10.1.0/lib/gcc/x86_64-linux-gnu/10.1.0/include-fixed]
  ignore line: [ /usr/include]
  ignore line: [End of search list.]
  ignore line: [GNU C++14 (GCC) version 10.1.0 (x86_64-linux-gnu)]
  ignore line: [	compiled by GNU C version 10.1.0  GMP version 6.1.0  MPFR version 3.1.4  MPC version 1.0.3  isl version isl-0.18-GMP]
  ignore line: []
  ignore line: [GGC heuristics: --param ggc-min-expand=100 --param ggc-min-heapsize=131072]
  ignore line: [Compiler executable checksum: b67c7eefa6457b87649b7db2d21e7f00]
  ignore line: [COLLECT_GCC_OPTIONS='-v' '-o' 'CMakeFiles/cmTC_1b4d0.dir/CMakeCXXCompilerABI.cpp.o' '-c' '-shared-libgcc' '-mtune=generic' '-march=x86-64']
  ignore line: [ as -v --64 -o CMakeFiles/cmTC_1b4d0.dir/CMakeCXXCompilerABI.cpp.o /tmp/ccr4eltw.s]
  ignore line: [GNU assembler version 2.27 (x86_64-redhat-linux) using BFD version version 2.27-44.base.el7]
  ignore line: [COMPILER_PATH=/home/sungkeun/.bin/gcc-10.1.0/libexec/gcc/x86_64-linux-gnu/10.1.0/:/home/sungkeun/.bin/gcc-10.1.0/libexec/gcc/x86_64-linux-gnu/10.1.0/:/home/sungkeun/.bin/gcc-10.1.0/libexec/gcc/x86_64-linux-gnu/:/home/sungkeun/.bin/gcc-10.1.0/lib/gcc/x86_64-linux-gnu/10.1.0/:/home/sungkeun/.bin/gcc-10.1.0/lib/gcc/x86_64-linux-gnu/]
  ignore line: [LIBRARY_PATH=/home/sungkeun/.bin/gcc-10.1.0/lib/gcc/x86_64-linux-gnu/10.1.0/:/home/sungkeun/.bin/gcc-10.1.0/lib/gcc/x86_64-linux-gnu/10.1.0/../../../../lib64/:/lib/../lib64/:/usr/lib/../lib64/:/home/sungkeun/.bin/gcc-10.1.0/lib/gcc/x86_64-linux-gnu/10.1.0/../../../:/lib/:/usr/lib/]
  ignore line: [COLLECT_GCC_OPTIONS='-v' '-o' 'CMakeFiles/cmTC_1b4d0.dir/CMakeCXXCompilerABI.cpp.o' '-c' '-shared-libgcc' '-mtune=generic' '-march=x86-64']
  ignore line: [Linking CXX executable cmTC_1b4d0]
  ignore line: [/home/sungkeun/packages/cmake-3.18.0-rc1/bin/cmake -E cmake_link_script CMakeFiles/cmTC_1b4d0.dir/link.txt --verbose=1]
  ignore line: [/home/sungkeun/.bin/gcc-10.1.0/bin/g++  -v -rdynamic CMakeFiles/cmTC_1b4d0.dir/CMakeCXXCompilerABI.cpp.o -o cmTC_1b4d0 ]
  ignore line: [Using built-in specs.]
  ignore line: [COLLECT_GCC=/home/sungkeun/.bin/gcc-10.1.0/bin/g++]
  ignore line: [COLLECT_LTO_WRAPPER=/home/sungkeun/.bin/gcc-10.1.0/libexec/gcc/x86_64-linux-gnu/10.1.0/lto-wrapper]
  ignore line: [Target: x86_64-linux-gnu]
  ignore line: [Configured with: ../packages/gcc-10.1.0/configure -v --build=x86_64-linux-gnu --host=x86_64-linux-gnu --target=x86_64-linux-gnu --prefix=/home/sungkeun/.bin/gcc-10.1.0 --enable-checking=release --enable-languages=c c++ fortran --disable-multilib --program-suffix=-10.1]
  ignore line: [Thread model: posix]
  ignore line: [Supported LTO compression algorithms: zlib]
  ignore line: [gcc version 10.1.0 (GCC) ]
  ignore line: [COMPILER_PATH=/home/sungkeun/.bin/gcc-10.1.0/libexec/gcc/x86_64-linux-gnu/10.1.0/:/home/sungkeun/.bin/gcc-10.1.0/libexec/gcc/x86_64-linux-gnu/10.1.0/:/home/sungkeun/.bin/gcc-10.1.0/libexec/gcc/x86_64-linux-gnu/:/home/sungkeun/.bin/gcc-10.1.0/lib/gcc/x86_64-linux-gnu/10.1.0/:/home/sungkeun/.bin/gcc-10.1.0/lib/gcc/x86_64-linux-gnu/]
  ignore line: [LIBRARY_PATH=/home/sungkeun/.bin/gcc-10.1.0/lib/gcc/x86_64-linux-gnu/10.1.0/:/home/sungkeun/.bin/gcc-10.1.0/lib/gcc/x86_64-linux-gnu/10.1.0/../../../../lib64/:/lib/../lib64/:/usr/lib/../lib64/:/home/sungkeun/.bin/gcc-10.1.0/lib/gcc/x86_64-linux-gnu/10.1.0/../../../:/lib/:/usr/lib/]
  ignore line: [COLLECT_GCC_OPTIONS='-v' '-rdynamic' '-o' 'cmTC_1b4d0' '-shared-libgcc' '-mtune=generic' '-march=x86-64']
  link line: [ /home/sungkeun/.bin/gcc-10.1.0/libexec/gcc/x86_64-linux-gnu/10.1.0/collect2 -plugin /home/sungkeun/.bin/gcc-10.1.0/libexec/gcc/x86_64-linux-gnu/10.1.0/liblto_plugin.so -plugin-opt=/home/sungkeun/.bin/gcc-10.1.0/libexec/gcc/x86_64-linux-gnu/10.1.0/lto-wrapper -plugin-opt=-fresolution=/tmp/ccrwKb2A.res -plugin-opt=-pass-through=-lgcc_s -plugin-opt=-pass-through=-lgcc -plugin-opt=-pass-through=-lc -plugin-opt=-pass-through=-lgcc_s -plugin-opt=-pass-through=-lgcc --eh-frame-hdr -m elf_x86_64 -export-dynamic -dynamic-linker /lib64/ld-linux-x86-64.so.2 -o cmTC_1b4d0 /lib/../lib64/crt1.o /lib/../lib64/crti.o /home/sungkeun/.bin/gcc-10.1.0/lib/gcc/x86_64-linux-gnu/10.1.0/crtbegin.o -L/home/sungkeun/.bin/gcc-10.1.0/lib/gcc/x86_64-linux-gnu/10.1.0 -L/home/sungkeun/.bin/gcc-10.1.0/lib/gcc/x86_64-linux-gnu/10.1.0/../../../../lib64 -L/lib/../lib64 -L/usr/lib/../lib64 -L/home/sungkeun/.bin/gcc-10.1.0/lib/gcc/x86_64-linux-gnu/10.1.0/../../.. CMakeFiles/cmTC_1b4d0.dir/CMakeCXXCompilerABI.cpp.o -lstdc++ -lm -lgcc_s -lgcc -lc -lgcc_s -lgcc /home/sungkeun/.bin/gcc-10.1.0/lib/gcc/x86_64-linux-gnu/10.1.0/crtend.o /lib/../lib64/crtn.o]
    arg [/home/sungkeun/.bin/gcc-10.1.0/libexec/gcc/x86_64-linux-gnu/10.1.0/collect2] ==> ignore
    arg [-plugin] ==> ignore
    arg [/home/sungkeun/.bin/gcc-10.1.0/libexec/gcc/x86_64-linux-gnu/10.1.0/liblto_plugin.so] ==> ignore
    arg [-plugin-opt=/home/sungkeun/.bin/gcc-10.1.0/libexec/gcc/x86_64-linux-gnu/10.1.0/lto-wrapper] ==> ignore
    arg [-plugin-opt=-fresolution=/tmp/ccrwKb2A.res] ==> ignore
    arg [-plugin-opt=-pass-through=-lgcc_s] ==> ignore
    arg [-plugin-opt=-pass-through=-lgcc] ==> ignore
    arg [-plugin-opt=-pass-through=-lc] ==> ignore
    arg [-plugin-opt=-pass-through=-lgcc_s] ==> ignore
    arg [-plugin-opt=-pass-through=-lgcc] ==> ignore
    arg [--eh-frame-hdr] ==> ignore
    arg [-m] ==> ignore
    arg [elf_x86_64] ==> ignore
    arg [-export-dynamic] ==> ignore
    arg [-dynamic-linker] ==> ignore
    arg [/lib64/ld-linux-x86-64.so.2] ==> ignore
    arg [-o] ==> ignore
    arg [cmTC_1b4d0] ==> ignore
    arg [/lib/../lib64/crt1.o] ==> ignore
    arg [/lib/../lib64/crti.o] ==> ignore
    arg [/home/sungkeun/.bin/gcc-10.1.0/lib/gcc/x86_64-linux-gnu/10.1.0/crtbegin.o] ==> ignore
    arg [-L/home/sungkeun/.bin/gcc-10.1.0/lib/gcc/x86_64-linux-gnu/10.1.0] ==> dir [/home/sungkeun/.bin/gcc-10.1.0/lib/gcc/x86_64-linux-gnu/10.1.0]
    arg [-L/home/sungkeun/.bin/gcc-10.1.0/lib/gcc/x86_64-linux-gnu/10.1.0/../../../../lib64] ==> dir [/home/sungkeun/.bin/gcc-10.1.0/lib/gcc/x86_64-linux-gnu/10.1.0/../../../../lib64]
    arg [-L/lib/../lib64] ==> dir [/lib/../lib64]
    arg [-L/usr/lib/../lib64] ==> dir [/usr/lib/../lib64]
    arg [-L/home/sungkeun/.bin/gcc-10.1.0/lib/gcc/x86_64-linux-gnu/10.1.0/../../..] ==> dir [/home/sungkeun/.bin/gcc-10.1.0/lib/gcc/x86_64-linux-gnu/10.1.0/../../..]
    arg [CMakeFiles/cmTC_1b4d0.dir/CMakeCXXCompilerABI.cpp.o] ==> ignore
    arg [-lstdc++] ==> lib [stdc++]
    arg [-lm] ==> lib [m]
    arg [-lgcc_s] ==> lib [gcc_s]
    arg [-lgcc] ==> lib [gcc]
    arg [-lc] ==> lib [c]
    arg [-lgcc_s] ==> lib [gcc_s]
    arg [-lgcc] ==> lib [gcc]
    arg [/home/sungkeun/.bin/gcc-10.1.0/lib/gcc/x86_64-linux-gnu/10.1.0/crtend.o] ==> ignore
    arg [/lib/../lib64/crtn.o] ==> ignore
  collapse library dir [/home/sungkeun/.bin/gcc-10.1.0/lib/gcc/x86_64-linux-gnu/10.1.0] ==> [/home/sungkeun/.bin/gcc-10.1.0/lib/gcc/x86_64-linux-gnu/10.1.0]
  collapse library dir [/home/sungkeun/.bin/gcc-10.1.0/lib/gcc/x86_64-linux-gnu/10.1.0/../../../../lib64] ==> [/home/sungkeun/.bin/gcc-10.1.0/lib64]
  collapse library dir [/lib/../lib64] ==> [/lib64]
  collapse library dir [/usr/lib/../lib64] ==> [/usr/lib64]
  collapse library dir [/home/sungkeun/.bin/gcc-10.1.0/lib/gcc/x86_64-linux-gnu/10.1.0/../../..] ==> [/home/sungkeun/.bin/gcc-10.1.0/lib]
  implicit libs: [stdc++;m;gcc_s;gcc;c;gcc_s;gcc]
  implicit dirs: [/home/sungkeun/.bin/gcc-10.1.0/lib/gcc/x86_64-linux-gnu/10.1.0;/home/sungkeun/.bin/gcc-10.1.0/lib64;/lib64;/usr/lib64;/home/sungkeun/.bin/gcc-10.1.0/lib]
  implicit fwks: []


